????
my_indirect_counter[0]= (0 bytes, 0 packets)
????
Invalid counter operation (INVALID_INDEX)
????
????
Invalid meter operation (INVALID_INDEX)
????
Invalid meter operation (INVALID_INFO_RATE_VALUE)
????
0: info rate = 1.0, burst size = 1
1: info rate = 2.0, burst size = 1
????
my_register[0]= 0
????
Invalid register operation (INVALID_INDEX)
????
????
Invalid register operation (INVALID_INDEX)
????
