????
==========
TABLE ENTRIES
==========
Dumping default entry
EMPTY
==========
????
Setting default action of empty_key
action:              _nop
runtime data:        
????
==========
TABLE ENTRIES
==========
Dumping default entry
Action entry: _nop - 
==========
????
????
==========
TABLE ENTRIES
==========
Dumping default entry
EMPTY
==========
????
